// Vitest Snapshot v1, https://vitest.dev/guide/snapshot.html

exports[`/form command builders > should produce expected JSON structure with correct subcommands 1`] = `
{
  "contexts": undefined,
  "default_member_permissions": undefined,
  "default_permission": undefined,
  "description": "Manage your forms",
  "description_localizations": undefined,
  "dm_permission": undefined,
  "integration_types": undefined,
  "name": "form",
  "name_localizations": undefined,
  "nsfw": undefined,
  "options": [
    {
      "description": "Create a new form",
      "description_localizations": undefined,
      "name": "add",
      "name_localizations": undefined,
      "options": [
        {
          "autocomplete": undefined,
          "choices": undefined,
          "description": "The name of the form",
          "description_localizations": undefined,
          "max_length": undefined,
          "min_length": undefined,
          "name": "name",
          "name_localizations": undefined,
          "required": true,
          "type": 3,
        },
        {
          "autocomplete": undefined,
          "choices": undefined,
          "description": "The avatar URL for the form",
          "description_localizations": undefined,
          "max_length": undefined,
          "min_length": undefined,
          "name": "avatar_url",
          "name_localizations": undefined,
          "required": false,
          "type": 3,
        },
      ],
      "type": 1,
    },
    {
      "description": "Edit an existing form",
      "description_localizations": undefined,
      "name": "edit",
      "name_localizations": undefined,
      "options": [
        {
          "autocomplete": true,
          "choices": undefined,
          "description": "The form to edit",
          "description_localizations": undefined,
          "max_length": undefined,
          "min_length": undefined,
          "name": "form",
          "name_localizations": undefined,
          "required": true,
          "type": 3,
        },
      ],
      "type": 1,
    },
    {
      "description": "Delete a form and all its aliases",
      "description_localizations": undefined,
      "name": "delete",
      "name_localizations": undefined,
      "options": [
        {
          "autocomplete": true,
          "choices": undefined,
          "description": "The form to delete",
          "description_localizations": undefined,
          "max_length": undefined,
          "min_length": undefined,
          "name": "form",
          "name_localizations": undefined,
          "required": true,
          "type": 3,
        },
      ],
      "type": 1,
    },
    {
      "description": "List all your forms",
      "description_localizations": undefined,
      "name": "list",
      "name_localizations": undefined,
      "options": [],
      "type": 1,
    },
  ],
  "type": 1,
}
`;
